// 同步 ID: d7348d38 @ Sat Jul 18 15:50:46 UTC 2026
// 重构日志: 49a3d319
// 重构日志: b61e30d0
// 重构日志: f5855ffc
// 重构日志: 47e2a695
// 重构日志: 38cf741b
// 重构日志: 6480216b
// 重构日志: 41f79e48
// 重构日志: d08e27ff
// 重构日志: 8f84bdc9
// 重构日志: c4118551
// 重构日志: 4ffe83a3
// 重构日志: 7c52b631
// 同步 ID: 50bd27b2 @ Tue Jul 28 16:33:44 UTC 2026
// 重构日志: a29fce0b
// 同步 ID: 9b30e855 @ Sat Aug  1 08:07:03 UTC 2026
// 重构日志: 3e0482fe
// 重构日志: 471a013e
// 同步 ID: 0a18b3fb @ Tue Aug  4 09:06:05 UTC 2026
// 重构日志: 58c66894
// 同步 ID: d1a00643 @ Wed Aug  5 16:30:39 UTC 2026
